// Jest Snapshot v1, https://goo.gl/fbAQLP

exports[`pagination component should render correctly 1`] = `
<ul>
  <li
    class=""
  >
    <a
      href="/blogprevious-post"
    >
      « Previous
    </a>
  </li>
  <li
    class=""
  >
    <a
      href="/blognext-post"
    >
      Next »
    </a>
  </li>
</ul>
`;
