// Jest Snapshot v1, https://goo.gl/fbAQLP

exports[`pagination component should render correctly 1`] = `
<ul
  class="pagination"
>
  <li
    class="pagination__itemPrevious"
  >
    <a
      href="/blogprevious-post"
    >
      « Previous
    </a>
  </li>
  <li
    class="pagination__itemNext"
  >
    <a
      href="/blognext-post"
    >
      Next »
    </a>
  </li>
</ul>
`;
